

git checkout -b branch name
git add .
git commit -m "any message"
git push origin branch name


fetch login register 



New@DESKTOP-IQ6V7E4 MINGW64 /c/GitLab
$ git config --global user.name "Tummala Lahari"

New@DESKTOP-IQ6V7E4 MINGW64 /c/GitLab
$ git config --global user.name "M Srinidhi"

New@DESKTOP-IQ6V7E4 MINGW64 /c/GitLab
$ git config --global user.name "Tummala Lahari"

New@DESKTOP-IQ6V7E4 MINGW64 /c/GitLab
$ git config --global user.email "19wh1a0590@bvrithyderabad.edu.in"

New@DESKTOP-IQ6V7E4 MINGW64 /c/GitLab
$ git clone "https://gitlab.com/p5882/peerscircle1.git"
Cloning into 'peerscircle1'...
remote: Enumerating objects: 2297, done.
remote: Counting objects: 100% (2297/2297), done.
remote: Compressing objects: 100% (1987/1987), done.
remote: Total 2297 (delta 233), reused 2297 (delta 233), pack-reused 0
Receiving objects: 100% (2297/2297), 3.78 MiB | 3.38 MiB/s, done.
Resolving deltas: 100% (233/233), done.
Updating files: 100% (2027/2027), done.

New@DESKTOP-IQ6V7E4 MINGW64 /c/GitLab
$ cd peerscircle1

New@DESKTOP-IQ6V7E4 MINGW64 /c/GitLab/peerscircle1 (main)
$ git init --initial-branch=main
warning: re-init: ignored --initial-branch=main
Reinitialized existing Git repository in C:/GitLab/peerscircle1/.git/

New@DESKTOP-IQ6V7E4 MINGW64 /c/GitLab/peerscircle1 (main)
$ git remote add origin https://gitlab.com/p5882/trial.git
error: remote origin already exists.

New@DESKTOP-IQ6V7E4 MINGW64 /c/GitLab/peerscircle1 (main)
$ git add .

New@DESKTOP-IQ6V7E4 MINGW64 /c/GitLab/peerscircle1 (main)
$ git commit -m "fetch.js"
[main b17c145] fetch.js
 1 file changed, 1 insertion(+)
 create mode 100644 server/fetch.js

New@DESKTOP-IQ6V7E4 MINGW64 /c/GitLab/peerscircle1 (main)
$ git push -u origin main
Enumerating objects: 6, done.
Counting objects: 100% (6/6), done.
Delta compression using up to 4 threads
Compressing objects: 100% (3/3), done.
Writing objects: 100% (4/4), 397 bytes | 132.00 KiB/s, done.
Total 4 (delta 1), reused 0 (delta 0), pack-reused 0
remote: GitLab: You are not allowed to push code to protected branches on this project.
To https://gitlab.com/p5882/peerscircle1.git
 ! [remote rejected] main -> main (pre-receive hook declined)
error: failed to push some refs to 'https://gitlab.com/p5882/peerscircle1.git'

New@DESKTOP-IQ6V7E4 MINGW64 /c/GitLab/peerscircle1 (main)
$ git checkout -b Lahari
Switched to a new branch 'Lahari'

New@DESKTOP-IQ6V7E4 MINGW64 /c/GitLab/peerscircle1 (Lahari)
$ git add .

New@DESKTOP-IQ6V7E4 MINGW64 /c/GitLab/peerscircle1 (Lahari)
$ git commit -m "updated fetch.js"
[Lahari 36979c8] updated fetch.js
 1 file changed, 2 insertions(+)

New@DESKTOP-IQ6V7E4 MINGW64 /c/GitLab/peerscircle1 (Lahari)
$ git push origin Lahari
Enumerating objects: 10, done.
Counting objects: 100% (10/10), done.
Delta compression using up to 4 threads
Compressing objects: 100% (7/7), done.
Writing objects: 100% (8/8), 790 bytes | 158.00 KiB/s, done.
Total 8 (delta 2), reused 0 (delta 0), pack-reused 0
remote:
remote: To create a merge request for Lahari, visit:
remote:   https://gitlab.com/p5882/peerscircle1/-/merge_requests/new?merge_request%5Bsource_branch%5D=Lahari
remote:
To https://gitlab.com/p5882/peerscircle1.git
 * [new branch]      Lahari -> Lahari

New@DESKTOP-IQ6V7E4 MINGW64 /c/GitLab/peerscircle1 (Lahari)
$ git checkout -b Lahari
fatal: A branch named 'Lahari' already exists.

New@DESKTOP-IQ6V7E4 MINGW64 /c/GitLab/peerscircle1 (Lahari)
$ git add .

New@DESKTOP-IQ6V7E4 MINGW64 /c/GitLab/peerscircle1 (Lahari)
$ git commit -m "updated again fetch.js"
[Lahari c5861d4] updated again fetch.js
 1 file changed, 35 insertions(+), 3 deletions(-)
 rewrite server/fetch.js (98%)

New@DESKTOP-IQ6V7E4 MINGW64 /c/GitLab/peerscircle1 (Lahari)
$ git push origin Lahari
Enumerating objects: 2309, done.
Counting objects: 100% (2309/2309), done.
Delta compression using up to 4 threads
Compressing objects: 100% (1998/1998), done.
Writing objects: 100% (2309/2309), 3.78 MiB | 2.77 MiB/s, done.
Total 2309 (delta 236), reused 2296 (delta 233), pack-reused 0
remote: Resolving deltas: 100% (236/236), done.
remote:
remote: To create a merge request for Lahari, visit:
remote:   https://gitlab.com/p5882/peerscircle1/-/merge_requests/new?merge_request%5Bsource_branch%5D=Lahari
remote:
To https://gitlab.com/p5882/peerscircle1.git
 * [new branch]      Lahari -> Lahari

New@DESKTOP-IQ6V7E4 MINGW64 /c/GitLab/peerscircle1 (Lahari)
$ ^C

New@DESKTOP-IQ6V7E4 MINGW64 /c/GitLab/peerscircle1 (Lahari)
$



git pull origin "clone dhi URL"
